Archive member included because of file (symbol)

c:/winavr-20100110/bin/../lib/gcc/avr/4.3.3/avr5\libgcc.a(_mulsi3.o)
                              ./timers.o (__mulsi3)
c:/winavr-20100110/bin/../lib/gcc/avr/4.3.3/avr5\libgcc.a(_udivmodqi4.o)
                              ./interrupt.o (__udivmodqi4)
c:/winavr-20100110/bin/../lib/gcc/avr/4.3.3/avr5\libgcc.a(_udivmodhi4.o)
                              ./interrupt.o (__udivmodhi4)
c:/winavr-20100110/bin/../lib/gcc/avr/4.3.3/avr5\libgcc.a(_udivmodsi4.o)
                              ./timers.o (__udivmodsi4)
c:/winavr-20100110/bin/../lib/gcc/avr/4.3.3/avr5\libgcc.a(_exit.o)
                              c:/winavr-20100110/bin/../lib/gcc/avr/4.3.3/../../../../avr/lib/avr5/crtm32.o (exit)
c:/winavr-20100110/bin/../lib/gcc/avr/4.3.3/avr5\libgcc.a(_copy_data.o)
                              ./sevenSeg.o (__do_copy_data)
c:/winavr-20100110/bin/../lib/gcc/avr/4.3.3/avr5\libgcc.a(_clear_bss.o)
                              ./Applications.o (__do_clear_bss)

Memory Configuration

Name             Origin             Length             Attributes
text             0x00000000         0x00020000         xr
data             0x00800060         0x0000ffa0         rw !x
eeprom           0x00810000         0x00010000         rw !x
fuse             0x00820000         0x00000400         rw !x
lock             0x00830000         0x00000400         rw !x
signature        0x00840000         0x00000400         rw !x
*default*        0x00000000         0xffffffff

Linker script and memory map

LOAD c:/winavr-20100110/bin/../lib/gcc/avr/4.3.3/../../../../avr/lib/avr5/crtm32.o
LOAD ./Applications.o
LOAD ./dcMotor.o
LOAD ./gpio.o
LOAD ./interrupt.o
LOAD ./led.o
LOAD ./pushButton.o
LOAD ./sevenSeg.o
LOAD ./softwareDelay.o
LOAD ./timers.o
LOAD c:/winavr-20100110/bin/../lib/gcc/avr/4.3.3/avr5\libgcc.a
LOAD c:/winavr-20100110/bin/../lib/gcc/avr/4.3.3/../../../../avr/lib/avr5\libc.a
LOAD c:/winavr-20100110/bin/../lib/gcc/avr/4.3.3/avr5\libgcc.a

.hash
 *(.hash)

.dynsym
 *(.dynsym)

.dynstr
 *(.dynstr)

.gnu.version
 *(.gnu.version)

.gnu.version_d
 *(.gnu.version_d)

.gnu.version_r
 *(.gnu.version_r)

.rel.init
 *(.rel.init)

.rela.init
 *(.rela.init)

.rel.text
 *(.rel.text)
 *(.rel.text.*)
 *(.rel.gnu.linkonce.t*)

.rela.text
 *(.rela.text)
 *(.rela.text.*)
 *(.rela.gnu.linkonce.t*)

.rel.fini
 *(.rel.fini)

.rela.fini
 *(.rela.fini)

.rel.rodata
 *(.rel.rodata)
 *(.rel.rodata.*)
 *(.rel.gnu.linkonce.r*)

.rela.rodata
 *(.rela.rodata)
 *(.rela.rodata.*)
 *(.rela.gnu.linkonce.r*)

.rel.data
 *(.rel.data)
 *(.rel.data.*)
 *(.rel.gnu.linkonce.d*)

.rela.data
 *(.rela.data)
 *(.rela.data.*)
 *(.rela.gnu.linkonce.d*)

.rel.ctors
 *(.rel.ctors)

.rela.ctors
 *(.rela.ctors)

.rel.dtors
 *(.rel.dtors)

.rela.dtors
 *(.rela.dtors)

.rel.got
 *(.rel.got)

.rela.got
 *(.rela.got)

.rel.bss
 *(.rel.bss)

.rela.bss
 *(.rela.bss)

.rel.plt
 *(.rel.plt)

.rela.plt
 *(.rela.plt)

.text           0x00000000     0x1fb2
 *(.vectors)
 .vectors       0x00000000       0x54 c:/winavr-20100110/bin/../lib/gcc/avr/4.3.3/../../../../avr/lib/avr5/crtm32.o
                0x00000000                __vectors
                0x00000000                __vector_default
 *(.vectors)
 *(.progmem.gcc*)
 *(.progmem*)
                0x00000054                . = ALIGN (0x2)
                0x00000054                __trampolines_start = .
 *(.trampolines)
 .trampolines   0x00000054        0x0 linker stubs
 *(.trampolines*)
                0x00000054                __trampolines_end = .
 *(.jumptables)
 *(.jumptables*)
 *(.lowtext)
 *(.lowtext*)
                0x00000054                __ctors_start = .
 *(.ctors)
                0x00000054                __ctors_end = .
                0x00000054                __dtors_start = .
 *(.dtors)
                0x00000054                __dtors_end = .
 SORT(*)(.ctors)
 SORT(*)(.dtors)
 *(.init0)
 .init0         0x00000054        0x0 c:/winavr-20100110/bin/../lib/gcc/avr/4.3.3/../../../../avr/lib/avr5/crtm32.o
                0x00000054                __init
 *(.init0)
 *(.init1)
 *(.init1)
 *(.init2)
 .init2         0x00000054        0xc c:/winavr-20100110/bin/../lib/gcc/avr/4.3.3/../../../../avr/lib/avr5/crtm32.o
 *(.init2)
 *(.init3)
 *(.init3)
 *(.init4)
 .init4         0x00000060       0x16 c:/winavr-20100110/bin/../lib/gcc/avr/4.3.3/avr5\libgcc.a(_copy_data.o)
                0x00000060                __do_copy_data
 .init4         0x00000076       0x10 c:/winavr-20100110/bin/../lib/gcc/avr/4.3.3/avr5\libgcc.a(_clear_bss.o)
                0x00000076                __do_clear_bss
 *(.init4)
 *(.init5)
 *(.init5)
 *(.init6)
 *(.init6)
 *(.init7)
 *(.init7)
 *(.init8)
 *(.init8)
 *(.init9)
 .init9         0x00000086        0x8 c:/winavr-20100110/bin/../lib/gcc/avr/4.3.3/../../../../avr/lib/avr5/crtm32.o
 *(.init9)
 *(.text)
 .text          0x0000008e        0x4 c:/winavr-20100110/bin/../lib/gcc/avr/4.3.3/../../../../avr/lib/avr5/crtm32.o
                0x0000008e                __bad_interrupt
 .text          0x00000092        0x0 ./Applications.o
 .text          0x00000092        0x0 ./dcMotor.o
 .text          0x00000092        0x0 ./gpio.o
 .text          0x00000092        0x0 ./interrupt.o
 .text          0x00000092        0x0 ./led.o
 .text          0x00000092        0x0 ./pushButton.o
 .text          0x00000092        0x0 ./sevenSeg.o
 .text          0x00000092        0x0 ./softwareDelay.o
 .text          0x00000092        0x0 ./timers.o
 .text          0x00000092        0x0 c:/winavr-20100110/bin/../lib/gcc/avr/4.3.3/avr5\libgcc.a(_mulsi3.o)
 .text          0x00000092        0x0 c:/winavr-20100110/bin/../lib/gcc/avr/4.3.3/avr5\libgcc.a(_udivmodqi4.o)
 .text          0x00000092        0x0 c:/winavr-20100110/bin/../lib/gcc/avr/4.3.3/avr5\libgcc.a(_udivmodhi4.o)
 .text          0x00000092        0x0 c:/winavr-20100110/bin/../lib/gcc/avr/4.3.3/avr5\libgcc.a(_udivmodsi4.o)
 .text          0x00000092        0x0 c:/winavr-20100110/bin/../lib/gcc/avr/4.3.3/avr5\libgcc.a(_exit.o)
 .text          0x00000092        0x0 c:/winavr-20100110/bin/../lib/gcc/avr/4.3.3/avr5\libgcc.a(_copy_data.o)
 .text          0x00000092        0x0 c:/winavr-20100110/bin/../lib/gcc/avr/4.3.3/avr5\libgcc.a(_clear_bss.o)
                0x00000092                . = ALIGN (0x2)
 *(.text.*)
 .text.main     0x00000092       0x46 ./Applications.o
                0x00000092                main
 .text.MotorDC_Init
                0x000000d8       0x8a ./dcMotor.o
                0x000000d8                MotorDC_Init
 .text.MotorDC_Dir
                0x00000162      0x102 ./dcMotor.o
                0x00000162                MotorDC_Dir
 .text.MotorDC_Speed_PollingWithT0
                0x00000264       0x1c ./dcMotor.o
                0x00000264                MotorDC_Speed_PollingWithT0
 .text.MotorDC_Speed_HwPWM
                0x00000280       0x14 ./dcMotor.o
                0x00000280                MotorDC_Speed_HwPWM
 .text.gpioPortDirection
                0x00000294       0x82 ./gpio.o
                0x00000294                gpioPortDirection
 .text.gpioPortWrite
                0x00000316       0x82 ./gpio.o
                0x00000316                gpioPortWrite
 .text.gpioPortToggle
                0x00000398       0x96 ./gpio.o
                0x00000398                gpioPortToggle
 .text.gpioPortRead
                0x0000042e       0x88 ./gpio.o
                0x0000042e                gpioPortRead
 .text.gpioPinDirection
                0x000004b6       0xd8 ./gpio.o
                0x000004b6                gpioPinDirection
 .text.gpioPinWrite
                0x0000058e       0xd8 ./gpio.o
                0x0000058e                gpioPinWrite
 .text.gpioPinToggle
                0x00000666       0xa2 ./gpio.o
                0x00000666                gpioPinToggle
 .text.gpioPinRead
                0x00000708       0xde ./gpio.o
                0x00000708                gpioPinRead
 .text.__vector_1
                0x000007e6       0x22 ./interrupt.o
                0x000007e6                __vector_1
 .text.__vector_2
                0x00000808       0x22 ./interrupt.o
                0x00000808                __vector_2
 .text.__vector_3
                0x0000082a       0x22 ./interrupt.o
                0x0000082a                __vector_3
 .text.__vector_10
                0x0000084c      0x1d0 ./interrupt.o
                0x0000084c                __vector_10
 .text.__vector_11
                0x00000a1c       0x22 ./interrupt.o
                0x00000a1c                __vector_11
 .text.__vector_6
                0x00000a3e       0x22 ./interrupt.o
                0x00000a3e                __vector_6
 .text.__vector_7
                0x00000a60      0x1d0 ./interrupt.o
                0x00000a60                __vector_7
 .text.__vector_8
                0x00000c30       0x22 ./interrupt.o
                0x00000c30                __vector_8
 .text.__vector_9
                0x00000c52       0x22 ./interrupt.o
                0x00000c52                __vector_9
 .text.__vector_4
                0x00000c74      0x1d8 ./interrupt.o
                0x00000c74                __vector_4
 .text.__vector_5
                0x00000e4c       0x22 ./interrupt.o
                0x00000e4c                __vector_5
 .text.__vector_12
                0x00000e6e       0x22 ./interrupt.o
                0x00000e6e                __vector_12
 .text.__vector_13
                0x00000e90       0x22 ./interrupt.o
                0x00000e90                __vector_13
 .text.__vector_14
                0x00000eb2       0x22 ./interrupt.o
                0x00000eb2                __vector_14
 .text.__vector_15
                0x00000ed4       0x22 ./interrupt.o
                0x00000ed4                __vector_15
 .text.__vector_16
                0x00000ef6       0x22 ./interrupt.o
                0x00000ef6                __vector_16
 .text.__vector_17
                0x00000f18       0x22 ./interrupt.o
                0x00000f18                __vector_17
 .text.__vector_18
                0x00000f3a       0x22 ./interrupt.o
                0x00000f3a                __vector_18
 .text.__vector_19
                0x00000f5c       0x22 ./interrupt.o
                0x00000f5c                __vector_19
 .text.__vector_20
                0x00000f7e       0x22 ./interrupt.o
                0x00000f7e                __vector_20
 .text.Led_Init
                0x00000fa0       0x86 ./led.o
                0x00000fa0                Led_Init
 .text.Led_On   0x00001026       0x86 ./led.o
                0x00001026                Led_On
 .text.Led_Off  0x000010ac       0x86 ./led.o
                0x000010ac                Led_Off
 .text.Led_Toggle
                0x00001132       0x7e ./led.o
                0x00001132                Led_Toggle
 .text.pushButtonInit
                0x000011b0       0x4e ./pushButton.o
                0x000011b0                pushButtonInit
 .text.pushButtonUpdate
                0x000011fe        0xe ./pushButton.o
                0x000011fe                pushButtonUpdate
 .text.pushButtonGetStatus
                0x0000120c       0xd0 ./pushButton.o
                0x0000120c                pushButtonGetStatus
 .text.sevenSegInit
                0x000012dc       0x96 ./sevenSeg.o
                0x000012dc                sevenSegInit
 .text.sevenSegEnable
                0x00001372       0x5a ./sevenSeg.o
                0x00001372                sevenSegEnable
 .text.sevenSegDisable
                0x000013cc       0x56 ./sevenSeg.o
                0x000013cc                sevenSegDisable
 .text.sevenSegWrite
                0x00001422       0x6a ./sevenSeg.o
                0x00001422                sevenSegWrite
 .text.softwareDelayMs
                0x0000148c       0xb2 ./softwareDelay.o
                0x0000148c                softwareDelayMs
 .text.timer0Init
                0x0000153e       0x94 ./timers.o
                0x0000153e                timer0Init
 .text.timer0Set
                0x000015d2       0x1c ./timers.o
                0x000015d2                timer0Set
 .text.timer0Read
                0x000015ee       0x14 ./timers.o
                0x000015ee                timer0Read
 .text.timer0Start
                0x00001602       0x2a ./timers.o
                0x00001602                timer0Start
 .text.timer0Stop
                0x0000162c       0x1c ./timers.o
                0x0000162c                timer0Stop
 .text.timer0DelayMs
                0x00001648       0x76 ./timers.o
                0x00001648                timer0DelayMs
 .text.timer0DelayUs
                0x000016be       0xb6 ./timers.o
                0x000016be                timer0DelayUs
 .text.timer0SwPWM
                0x00001774       0xb8 ./timers.o
                0x00001774                timer0SwPWM
 .text.timer1Init
                0x0000182c       0xd4 ./timers.o
                0x0000182c                timer1Init
 .text.timer1Set
                0x00001900       0x24 ./timers.o
                0x00001900                timer1Set
 .text.timer1Read
                0x00001924       0x16 ./timers.o
                0x00001924                timer1Read
 .text.timer1Start
                0x0000193a       0x2c ./timers.o
                0x0000193a                timer1Start
 .text.timer1Stop
                0x00001966       0x1c ./timers.o
                0x00001966                timer1Stop
 .text.timer1DelayMs
                0x00001982       0xa6 ./timers.o
                0x00001982                timer1DelayMs
 .text.timer1DelayUs
                0x00001a28       0xe0 ./timers.o
                0x00001a28                timer1DelayUs
 .text.timer1SwPWM
                0x00001b08       0xde ./timers.o
                0x00001b08                timer1SwPWM
 .text.timer2Init
                0x00001be6       0xa0 ./timers.o
                0x00001be6                timer2Init
 .text.timer2Set
                0x00001c86       0x1c ./timers.o
                0x00001c86                timer2Set
 .text.timer2Read
                0x00001ca2       0x14 ./timers.o
                0x00001ca2                timer2Read
 .text.timer2Start
                0x00001cb6       0x2a ./timers.o
                0x00001cb6                timer2Start
 .text.timer2Stop
                0x00001ce0       0x1c ./timers.o
                0x00001ce0                timer2Stop
 .text.timer2DelayMs
                0x00001cfc       0x7c ./timers.o
                0x00001cfc                timer2DelayMs
 .text.timer2DelayUs
                0x00001d78       0xb4 ./timers.o
                0x00001d78                timer2DelayUs
 .text.timer2SwPWM
                0x00001e2c       0xc0 ./timers.o
                0x00001e2c                timer2SwPWM
 .text.libgcc   0x00001eec       0x3e c:/winavr-20100110/bin/../lib/gcc/avr/4.3.3/avr5\libgcc.a(_mulsi3.o)
                0x00001eec                __mulsi3
 .text.libgcc   0x00001f2a       0x18 c:/winavr-20100110/bin/../lib/gcc/avr/4.3.3/avr5\libgcc.a(_udivmodqi4.o)
                0x00001f2a                __udivmodqi4
 .text.libgcc   0x00001f42       0x28 c:/winavr-20100110/bin/../lib/gcc/avr/4.3.3/avr5\libgcc.a(_udivmodhi4.o)
                0x00001f42                __udivmodhi4
 .text.libgcc   0x00001f6a       0x44 c:/winavr-20100110/bin/../lib/gcc/avr/4.3.3/avr5\libgcc.a(_udivmodsi4.o)
                0x00001f6a                __udivmodsi4
 .text.libgcc   0x00001fae        0x0 c:/winavr-20100110/bin/../lib/gcc/avr/4.3.3/avr5\libgcc.a(_exit.o)
 .text.libgcc   0x00001fae        0x0 c:/winavr-20100110/bin/../lib/gcc/avr/4.3.3/avr5\libgcc.a(_copy_data.o)
 .text.libgcc   0x00001fae        0x0 c:/winavr-20100110/bin/../lib/gcc/avr/4.3.3/avr5\libgcc.a(_clear_bss.o)
                0x00001fae                . = ALIGN (0x2)
 *(.fini9)
 .fini9         0x00001fae        0x0 c:/winavr-20100110/bin/../lib/gcc/avr/4.3.3/avr5\libgcc.a(_exit.o)
                0x00001fae                exit
                0x00001fae                _exit
 *(.fini9)
 *(.fini8)
 *(.fini8)
 *(.fini7)
 *(.fini7)
 *(.fini6)
 *(.fini6)
 *(.fini5)
 *(.fini5)
 *(.fini4)
 *(.fini4)
 *(.fini3)
 *(.fini3)
 *(.fini2)
 *(.fini2)
 *(.fini1)
 *(.fini1)
 *(.fini0)
 .fini0         0x00001fae        0x4 c:/winavr-20100110/bin/../lib/gcc/avr/4.3.3/avr5\libgcc.a(_exit.o)
 *(.fini0)
                0x00001fb2                _etext = .

.data           0x00800060        0x2 load address 0x00001fb2
                0x00800060                PROVIDE (__data_start, .)
 *(.data)
 .data          0x00800060        0x0 c:/winavr-20100110/bin/../lib/gcc/avr/4.3.3/../../../../avr/lib/avr5/crtm32.o
 .data          0x00800060        0x0 ./Applications.o
 .data          0x00800060        0x0 ./dcMotor.o
 .data          0x00800060        0x0 ./gpio.o
 .data          0x00800060        0x0 ./interrupt.o
 .data          0x00800060        0x0 ./led.o
 .data          0x00800060        0x0 ./pushButton.o
 .data          0x00800060        0x0 ./sevenSeg.o
 .data          0x00800060        0x0 ./softwareDelay.o
 .data          0x00800060        0x0 ./timers.o
 .data          0x00800060        0x0 c:/winavr-20100110/bin/../lib/gcc/avr/4.3.3/avr5\libgcc.a(_mulsi3.o)
 .data          0x00800060        0x0 c:/winavr-20100110/bin/../lib/gcc/avr/4.3.3/avr5\libgcc.a(_udivmodqi4.o)
 .data          0x00800060        0x0 c:/winavr-20100110/bin/../lib/gcc/avr/4.3.3/avr5\libgcc.a(_udivmodhi4.o)
 .data          0x00800060        0x0 c:/winavr-20100110/bin/../lib/gcc/avr/4.3.3/avr5\libgcc.a(_udivmodsi4.o)
 .data          0x00800060        0x0 c:/winavr-20100110/bin/../lib/gcc/avr/4.3.3/avr5\libgcc.a(_exit.o)
 .data          0x00800060        0x0 c:/winavr-20100110/bin/../lib/gcc/avr/4.3.3/avr5\libgcc.a(_copy_data.o)
 .data          0x00800060        0x0 c:/winavr-20100110/bin/../lib/gcc/avr/4.3.3/avr5\libgcc.a(_clear_bss.o)
 *(.data*)
 .data.gu8_sevenSeg1Status
                0x00800060        0x1 ./sevenSeg.o
 *(.rodata)
 *(.rodata*)
 *(.gnu.linkonce.d*)
                0x00800062                . = ALIGN (0x2)
 *fill*         0x00800061        0x1 00
                0x00800062                _edata = .
                0x00800062                PROVIDE (__data_end, .)

.bss            0x00800062        0xb
                0x00800062                PROVIDE (__bss_start, .)
 *(.bss)
 .bss           0x00800062        0x0 c:/winavr-20100110/bin/../lib/gcc/avr/4.3.3/../../../../avr/lib/avr5/crtm32.o
 .bss           0x00800062        0x0 ./Applications.o
 .bss           0x00800062        0x0 ./dcMotor.o
 .bss           0x00800062        0x0 ./gpio.o
 .bss           0x00800062        0x0 ./interrupt.o
 .bss           0x00800062        0x0 ./led.o
 .bss           0x00800062        0x0 ./pushButton.o
 .bss           0x00800062        0x0 ./sevenSeg.o
 .bss           0x00800062        0x0 ./softwareDelay.o
 .bss           0x00800062        0x0 ./timers.o
 .bss           0x00800062        0x0 c:/winavr-20100110/bin/../lib/gcc/avr/4.3.3/avr5\libgcc.a(_mulsi3.o)
 .bss           0x00800062        0x0 c:/winavr-20100110/bin/../lib/gcc/avr/4.3.3/avr5\libgcc.a(_udivmodqi4.o)
 .bss           0x00800062        0x0 c:/winavr-20100110/bin/../lib/gcc/avr/4.3.3/avr5\libgcc.a(_udivmodhi4.o)
 .bss           0x00800062        0x0 c:/winavr-20100110/bin/../lib/gcc/avr/4.3.3/avr5\libgcc.a(_udivmodsi4.o)
 .bss           0x00800062        0x0 c:/winavr-20100110/bin/../lib/gcc/avr/4.3.3/avr5\libgcc.a(_exit.o)
 .bss           0x00800062        0x0 c:/winavr-20100110/bin/../lib/gcc/avr/4.3.3/avr5\libgcc.a(_copy_data.o)
 .bss           0x00800062        0x0 c:/winavr-20100110/bin/../lib/gcc/avr/4.3.3/avr5\libgcc.a(_clear_bss.o)
 *(.bss*)
 .bss.gu8_completionFlag
                0x00800062        0x1 ./Applications.o
                0x00800062                gu8_completionFlag
 .bss.gu8_dutyCycle
                0x00800063        0x1 ./Applications.o
                0x00800063                gu8_dutyCycle
 .bss.gu16_globalInterruptVariable
                0x00800064        0x2 ./interrupt.o
 .bss.gu16_delayCounter
                0x00800066        0x2 ./interrupt.o
 .bss.gu8_flag  0x00800068        0x2 ./interrupt.o
 .bss.gu8_sevenSeg0Status
                0x0080006a        0x1 ./sevenSeg.o
 .bss.gu8_timer0Timer1PreScaler
                0x0080006b        0x1 ./timers.o
 .bss.gu8_timer2PreScaler
                0x0080006c        0x1 ./timers.o
 *(COMMON)
                0x0080006d                PROVIDE (__bss_end, .)
                0x00001fb2                __data_load_start = LOADADDR (.data)
                0x00001fb4                __data_load_end = (__data_load_start + SIZEOF (.data))

.noinit         0x0080006d        0x0
                0x0080006d                PROVIDE (__noinit_start, .)
 *(.noinit*)
                0x0080006d                PROVIDE (__noinit_end, .)
                0x0080006d                _end = .
                0x0080006d                PROVIDE (__heap_start, .)

.eeprom         0x00810000        0x0
 *(.eeprom*)
                0x00810000                __eeprom_end = .

.fuse
 *(.fuse)
 *(.lfuse)
 *(.hfuse)
 *(.efuse)

.lock
 *(.lock*)

.signature
 *(.signature*)

.stab           0x00000000     0x2ca0
 *(.stab)
 .stab          0x00000000      0x45c ./Applications.o
 .stab          0x0000045c      0x390 ./dcMotor.o
                                0x5ac (size before relaxing)
 .stab          0x000007ec      0x570 ./gpio.o
                                0x624 (size before relaxing)
 .stab          0x00000d5c      0x834 ./interrupt.o
                                0xa44 (size before relaxing)
 .stab          0x00001590      0x2ac ./led.o
                                0x384 (size before relaxing)
 .stab          0x0000183c      0x294 ./pushButton.o
                                0x384 (size before relaxing)
 .stab          0x00001ad0      0x318 ./sevenSeg.o
                                0x3f0 (size before relaxing)
 .stab          0x00001de8      0x18c ./softwareDelay.o
                                0x228 (size before relaxing)
 .stab          0x00001f74      0xd2c ./timers.o
                                0xf18 (size before relaxing)

.stabstr        0x00000000     0x1790
 *(.stabstr)
 .stabstr       0x00000000     0x1790 ./Applications.o

.stab.excl
 *(.stab.excl)

.stab.exclstr
 *(.stab.exclstr)

.stab.index
 *(.stab.index)

.stab.indexstr
 *(.stab.indexstr)

.comment
 *(.comment)

.debug
 *(.debug)

.line
 *(.line)

.debug_srcinfo
 *(.debug_srcinfo)

.debug_sfnames
 *(.debug_sfnames)

.debug_aranges
 *(.debug_aranges)

.debug_pubnames
 *(.debug_pubnames)

.debug_info
 *(.debug_info)
 *(.gnu.linkonce.wi.*)

.debug_abbrev
 *(.debug_abbrev)

.debug_line
 *(.debug_line)

.debug_frame
 *(.debug_frame)

.debug_str
 *(.debug_str)

.debug_loc
 *(.debug_loc)

.debug_macinfo
 *(.debug_macinfo)
OUTPUT(GPIO.elf elf32-avr)
LOAD linker stubs
