Archive member included because of file (symbol)

c:/winavr-20100110/bin/../lib/gcc/avr/4.3.3/avr5\libgcc.a(_udivmodqi4.o)
                              ./Applications.o (__udivmodqi4)
c:/winavr-20100110/bin/../lib/gcc/avr/4.3.3/avr5\libgcc.a(_udivmodsi4.o)
                              ./Applications.o (__udivmodsi4)
c:/winavr-20100110/bin/../lib/gcc/avr/4.3.3/avr5\libgcc.a(_exit.o)
                              c:/winavr-20100110/bin/../lib/gcc/avr/4.3.3/../../../../avr/lib/avr5/crtm32.o (exit)
c:/winavr-20100110/bin/../lib/gcc/avr/4.3.3/avr5\libgcc.a(_copy_data.o)
                              ./sevenSeg.o (__do_copy_data)
c:/winavr-20100110/bin/../lib/gcc/avr/4.3.3/avr5\libgcc.a(_clear_bss.o)
                              ./interrupt.o (__do_clear_bss)

Memory Configuration

Name             Origin             Length             Attributes
text             0x00000000         0x00020000         xr
data             0x00800060         0x0000ffa0         rw !x
eeprom           0x00810000         0x00010000         rw !x
fuse             0x00820000         0x00000400         rw !x
lock             0x00830000         0x00000400         rw !x
signature        0x00840000         0x00000400         rw !x
*default*        0x00000000         0xffffffff

Linker script and memory map

LOAD c:/winavr-20100110/bin/../lib/gcc/avr/4.3.3/../../../../avr/lib/avr5/crtm32.o
LOAD ./Applications.o
LOAD ./gpio.o
LOAD ./interrupt.o
LOAD ./led.o
LOAD ./pushButton.o
LOAD ./sevenSeg.o
LOAD ./softwareDelay.o
LOAD ./timers.o
LOAD c:/winavr-20100110/bin/../lib/gcc/avr/4.3.3/avr5\libgcc.a
LOAD c:/winavr-20100110/bin/../lib/gcc/avr/4.3.3/../../../../avr/lib/avr5\libc.a
LOAD c:/winavr-20100110/bin/../lib/gcc/avr/4.3.3/avr5\libgcc.a

.hash
 *(.hash)

.dynsym
 *(.dynsym)

.dynstr
 *(.dynstr)

.gnu.version
 *(.gnu.version)

.gnu.version_d
 *(.gnu.version_d)

.gnu.version_r
 *(.gnu.version_r)

.rel.init
 *(.rel.init)

.rela.init
 *(.rela.init)

.rel.text
 *(.rel.text)
 *(.rel.text.*)
 *(.rel.gnu.linkonce.t*)

.rela.text
 *(.rela.text)
 *(.rela.text.*)
 *(.rela.gnu.linkonce.t*)

.rel.fini
 *(.rel.fini)

.rela.fini
 *(.rela.fini)

.rel.rodata
 *(.rel.rodata)
 *(.rel.rodata.*)
 *(.rel.gnu.linkonce.r*)

.rela.rodata
 *(.rela.rodata)
 *(.rela.rodata.*)
 *(.rela.gnu.linkonce.r*)

.rel.data
 *(.rel.data)
 *(.rel.data.*)
 *(.rel.gnu.linkonce.d*)

.rela.data
 *(.rela.data)
 *(.rela.data.*)
 *(.rela.gnu.linkonce.d*)

.rel.ctors
 *(.rel.ctors)

.rela.ctors
 *(.rela.ctors)

.rel.dtors
 *(.rel.dtors)

.rela.dtors
 *(.rela.dtors)

.rel.got
 *(.rel.got)

.rela.got
 *(.rela.got)

.rel.bss
 *(.rel.bss)

.rela.bss
 *(.rela.bss)

.rel.plt
 *(.rel.plt)

.rela.plt
 *(.rela.plt)

.text           0x00000000     0x1834
 *(.vectors)
 .vectors       0x00000000       0x54 c:/winavr-20100110/bin/../lib/gcc/avr/4.3.3/../../../../avr/lib/avr5/crtm32.o
                0x00000000                __vectors
                0x00000000                __vector_default
 *(.vectors)
 *(.progmem.gcc*)
 *(.progmem*)
                0x00000054                . = ALIGN (0x2)
                0x00000054                __trampolines_start = .
 *(.trampolines)
 .trampolines   0x00000054        0x0 linker stubs
 *(.trampolines*)
                0x00000054                __trampolines_end = .
 *(.jumptables)
 *(.jumptables*)
 *(.lowtext)
 *(.lowtext*)
                0x00000054                __ctors_start = .
 *(.ctors)
                0x00000054                __ctors_end = .
                0x00000054                __dtors_start = .
 *(.dtors)
                0x00000054                __dtors_end = .
 SORT(*)(.ctors)
 SORT(*)(.dtors)
 *(.init0)
 .init0         0x00000054        0x0 c:/winavr-20100110/bin/../lib/gcc/avr/4.3.3/../../../../avr/lib/avr5/crtm32.o
                0x00000054                __init
 *(.init0)
 *(.init1)
 *(.init1)
 *(.init2)
 .init2         0x00000054        0xc c:/winavr-20100110/bin/../lib/gcc/avr/4.3.3/../../../../avr/lib/avr5/crtm32.o
 *(.init2)
 *(.init3)
 *(.init3)
 *(.init4)
 .init4         0x00000060       0x16 c:/winavr-20100110/bin/../lib/gcc/avr/4.3.3/avr5\libgcc.a(_copy_data.o)
                0x00000060                __do_copy_data
 .init4         0x00000076       0x10 c:/winavr-20100110/bin/../lib/gcc/avr/4.3.3/avr5\libgcc.a(_clear_bss.o)
                0x00000076                __do_clear_bss
 *(.init4)
 *(.init5)
 *(.init5)
 *(.init6)
 *(.init6)
 *(.init7)
 *(.init7)
 *(.init8)
 *(.init8)
 *(.init9)
 .init9         0x00000086        0x8 c:/winavr-20100110/bin/../lib/gcc/avr/4.3.3/../../../../avr/lib/avr5/crtm32.o
 *(.init9)
 *(.text)
 .text          0x0000008e        0x4 c:/winavr-20100110/bin/../lib/gcc/avr/4.3.3/../../../../avr/lib/avr5/crtm32.o
                0x0000008e                __bad_interrupt
 .text          0x00000092        0x0 ./Applications.o
 .text          0x00000092        0x0 ./gpio.o
 .text          0x00000092        0x0 ./interrupt.o
 .text          0x00000092        0x0 ./led.o
 .text          0x00000092        0x0 ./pushButton.o
 .text          0x00000092        0x0 ./sevenSeg.o
 .text          0x00000092        0x0 ./softwareDelay.o
 .text          0x00000092        0x0 ./timers.o
 .text          0x00000092        0x0 c:/winavr-20100110/bin/../lib/gcc/avr/4.3.3/avr5\libgcc.a(_udivmodqi4.o)
 .text          0x00000092        0x0 c:/winavr-20100110/bin/../lib/gcc/avr/4.3.3/avr5\libgcc.a(_udivmodsi4.o)
 .text          0x00000092        0x0 c:/winavr-20100110/bin/../lib/gcc/avr/4.3.3/avr5\libgcc.a(_exit.o)
 .text          0x00000092        0x0 c:/winavr-20100110/bin/../lib/gcc/avr/4.3.3/avr5\libgcc.a(_copy_data.o)
 .text          0x00000092        0x0 c:/winavr-20100110/bin/../lib/gcc/avr/4.3.3/avr5\libgcc.a(_clear_bss.o)
                0x00000092                . = ALIGN (0x2)
 *(.text.*)
 .text.GPIO_REQ7
                0x00000092       0xd4 ./Applications.o
                0x00000092                GPIO_REQ7
 .text.GPIO_REQ8
                0x00000166       0x94 ./Applications.o
                0x00000166                GPIO_REQ8
 .text.GPIO_REQ9
                0x000001fa       0x98 ./Applications.o
                0x000001fa                GPIO_REQ9
 .text.main     0x00000292        0xa ./Applications.o
                0x00000292                main
 .text.gpioPortDirection
                0x0000029c       0x82 ./gpio.o
                0x0000029c                gpioPortDirection
 .text.gpioPortWrite
                0x0000031e       0x82 ./gpio.o
                0x0000031e                gpioPortWrite
 .text.gpioPortToggle
                0x000003a0       0x96 ./gpio.o
                0x000003a0                gpioPortToggle
 .text.gpioPortRead
                0x00000436       0x88 ./gpio.o
                0x00000436                gpioPortRead
 .text.gpioPinDirection
                0x000004be       0xd8 ./gpio.o
                0x000004be                gpioPinDirection
 .text.gpioPinWrite
                0x00000596       0xd8 ./gpio.o
                0x00000596                gpioPinWrite
 .text.gpioPinToggle
                0x0000066e       0xa2 ./gpio.o
                0x0000066e                gpioPinToggle
 .text.gpioPinRead
                0x00000710       0xde ./gpio.o
                0x00000710                gpioPinRead
 .text.__vector_1
                0x000007ee       0x22 ./interrupt.o
                0x000007ee                __vector_1
 .text.__vector_2
                0x00000810       0x22 ./interrupt.o
                0x00000810                __vector_2
 .text.__vector_3
                0x00000832       0x22 ./interrupt.o
                0x00000832                __vector_3
 .text.__vector_10
                0x00000854       0x22 ./interrupt.o
                0x00000854                __vector_10
 .text.__vector_11
                0x00000876       0x22 ./interrupt.o
                0x00000876                __vector_11
 .text.__vector_6
                0x00000898       0x22 ./interrupt.o
                0x00000898                __vector_6
 .text.__vector_7
                0x000008ba       0x22 ./interrupt.o
                0x000008ba                __vector_7
 .text.__vector_8
                0x000008dc       0x22 ./interrupt.o
                0x000008dc                __vector_8
 .text.__vector_9
                0x000008fe       0x22 ./interrupt.o
                0x000008fe                __vector_9
 .text.__vector_4
                0x00000920       0x22 ./interrupt.o
                0x00000920                __vector_4
 .text.__vector_5
                0x00000942       0x22 ./interrupt.o
                0x00000942                __vector_5
 .text.__vector_12
                0x00000964       0x22 ./interrupt.o
                0x00000964                __vector_12
 .text.__vector_13
                0x00000986       0x22 ./interrupt.o
                0x00000986                __vector_13
 .text.__vector_14
                0x000009a8       0x22 ./interrupt.o
                0x000009a8                __vector_14
 .text.__vector_15
                0x000009ca       0x22 ./interrupt.o
                0x000009ca                __vector_15
 .text.__vector_16
                0x000009ec       0x22 ./interrupt.o
                0x000009ec                __vector_16
 .text.__vector_17
                0x00000a0e       0x22 ./interrupt.o
                0x00000a0e                __vector_17
 .text.__vector_18
                0x00000a30       0x22 ./interrupt.o
                0x00000a30                __vector_18
 .text.__vector_19
                0x00000a52       0x22 ./interrupt.o
                0x00000a52                __vector_19
 .text.__vector_20
                0x00000a74       0x22 ./interrupt.o
                0x00000a74                __vector_20
 .text.Led_Init
                0x00000a96       0x86 ./led.o
                0x00000a96                Led_Init
 .text.Led_On   0x00000b1c       0x86 ./led.o
                0x00000b1c                Led_On
 .text.Led_Off  0x00000ba2       0x86 ./led.o
                0x00000ba2                Led_Off
 .text.Led_Toggle
                0x00000c28       0x7e ./led.o
                0x00000c28                Led_Toggle
 .text.pushButtonInit
                0x00000ca6       0x4e ./pushButton.o
                0x00000ca6                pushButtonInit
 .text.pushButtonUpdate
                0x00000cf4        0xe ./pushButton.o
                0x00000cf4                pushButtonUpdate
 .text.pushButtonGetStatus
                0x00000d02       0xd0 ./pushButton.o
                0x00000d02                pushButtonGetStatus
 .text.sevenSegInit
                0x00000dd2       0x96 ./sevenSeg.o
                0x00000dd2                sevenSegInit
 .text.sevenSegEnable
                0x00000e68       0x5a ./sevenSeg.o
                0x00000e68                sevenSegEnable
 .text.sevenSegDisable
                0x00000ec2       0x56 ./sevenSeg.o
                0x00000ec2                sevenSegDisable
 .text.sevenSegWrite
                0x00000f18       0x6a ./sevenSeg.o
                0x00000f18                sevenSegWrite
 .text.softwareDelayMs
                0x00000f82       0xb2 ./softwareDelay.o
                0x00000f82                softwareDelayMs
 .text.timer0Init
                0x00001034       0x94 ./timers.o
                0x00001034                timer0Init
 .text.timer0Set
                0x000010c8       0x1c ./timers.o
                0x000010c8                timer0Set
 .text.timer0Read
                0x000010e4       0x14 ./timers.o
                0x000010e4                timer0Read
 .text.timer0Start
                0x000010f8       0x2a ./timers.o
                0x000010f8                timer0Start
 .text.timer0Stop
                0x00001122       0x1c ./timers.o
                0x00001122                timer0Stop
 .text.timer0DelayMs
                0x0000113e       0x76 ./timers.o
                0x0000113e                timer0DelayMs
 .text.timer0DelayUs
                0x000011b4       0xb6 ./timers.o
                0x000011b4                timer0DelayUs
 .text.timer0SwPWM
                0x0000126a       0x18 ./timers.o
                0x0000126a                timer0SwPWM
 .text.timer1Init
                0x00001282       0xd4 ./timers.o
                0x00001282                timer1Init
 .text.timer1Set
                0x00001356       0x24 ./timers.o
                0x00001356                timer1Set
 .text.timer1Read
                0x0000137a       0x16 ./timers.o
                0x0000137a                timer1Read
 .text.timer1Start
                0x00001390       0x2c ./timers.o
                0x00001390                timer1Start
 .text.timer1Stop
                0x000013bc       0x1c ./timers.o
                0x000013bc                timer1Stop
 .text.timer1DelayMs
                0x000013d8       0xa6 ./timers.o
                0x000013d8                timer1DelayMs
 .text.timer1DelayUs
                0x0000147e       0xe0 ./timers.o
                0x0000147e                timer1DelayUs
 .text.timer1SwPWM
                0x0000155e       0x18 ./timers.o
                0x0000155e                timer1SwPWM
 .text.timer2Init
                0x00001576       0xa0 ./timers.o
                0x00001576                timer2Init
 .text.timer2Set
                0x00001616       0x1c ./timers.o
                0x00001616                timer2Set
 .text.timer2Read
                0x00001632       0x14 ./timers.o
                0x00001632                timer2Read
 .text.timer2Start
                0x00001646       0x2a ./timers.o
                0x00001646                timer2Start
 .text.timer2Stop
                0x00001670       0x1c ./timers.o
                0x00001670                timer2Stop
 .text.timer2DelayMs
                0x0000168c       0x7c ./timers.o
                0x0000168c                timer2DelayMs
 .text.timer2DelayUs
                0x00001708       0xb4 ./timers.o
                0x00001708                timer2DelayUs
 .text.timer2SwPWM
                0x000017bc       0x18 ./timers.o
                0x000017bc                timer2SwPWM
 .text.libgcc   0x000017d4       0x18 c:/winavr-20100110/bin/../lib/gcc/avr/4.3.3/avr5\libgcc.a(_udivmodqi4.o)
                0x000017d4                __udivmodqi4
 .text.libgcc   0x000017ec       0x44 c:/winavr-20100110/bin/../lib/gcc/avr/4.3.3/avr5\libgcc.a(_udivmodsi4.o)
                0x000017ec                __udivmodsi4
 .text.libgcc   0x00001830        0x0 c:/winavr-20100110/bin/../lib/gcc/avr/4.3.3/avr5\libgcc.a(_exit.o)
 .text.libgcc   0x00001830        0x0 c:/winavr-20100110/bin/../lib/gcc/avr/4.3.3/avr5\libgcc.a(_copy_data.o)
 .text.libgcc   0x00001830        0x0 c:/winavr-20100110/bin/../lib/gcc/avr/4.3.3/avr5\libgcc.a(_clear_bss.o)
                0x00001830                . = ALIGN (0x2)
 *(.fini9)
 .fini9         0x00001830        0x0 c:/winavr-20100110/bin/../lib/gcc/avr/4.3.3/avr5\libgcc.a(_exit.o)
                0x00001830                exit
                0x00001830                _exit
 *(.fini9)
 *(.fini8)
 *(.fini8)
 *(.fini7)
 *(.fini7)
 *(.fini6)
 *(.fini6)
 *(.fini5)
 *(.fini5)
 *(.fini4)
 *(.fini4)
 *(.fini3)
 *(.fini3)
 *(.fini2)
 *(.fini2)
 *(.fini1)
 *(.fini1)
 *(.fini0)
 .fini0         0x00001830        0x4 c:/winavr-20100110/bin/../lib/gcc/avr/4.3.3/avr5\libgcc.a(_exit.o)
 *(.fini0)
                0x00001834                _etext = .

.data           0x00800060        0x2 load address 0x00001834
                0x00800060                PROVIDE (__data_start, .)
 *(.data)
 .data          0x00800060        0x0 c:/winavr-20100110/bin/../lib/gcc/avr/4.3.3/../../../../avr/lib/avr5/crtm32.o
 .data          0x00800060        0x0 ./Applications.o
 .data          0x00800060        0x0 ./gpio.o
 .data          0x00800060        0x0 ./interrupt.o
 .data          0x00800060        0x0 ./led.o
 .data          0x00800060        0x0 ./pushButton.o
 .data          0x00800060        0x0 ./sevenSeg.o
 .data          0x00800060        0x0 ./softwareDelay.o
 .data          0x00800060        0x0 ./timers.o
 .data          0x00800060        0x0 c:/winavr-20100110/bin/../lib/gcc/avr/4.3.3/avr5\libgcc.a(_udivmodqi4.o)
 .data          0x00800060        0x0 c:/winavr-20100110/bin/../lib/gcc/avr/4.3.3/avr5\libgcc.a(_udivmodsi4.o)
 .data          0x00800060        0x0 c:/winavr-20100110/bin/../lib/gcc/avr/4.3.3/avr5\libgcc.a(_exit.o)
 .data          0x00800060        0x0 c:/winavr-20100110/bin/../lib/gcc/avr/4.3.3/avr5\libgcc.a(_copy_data.o)
 .data          0x00800060        0x0 c:/winavr-20100110/bin/../lib/gcc/avr/4.3.3/avr5\libgcc.a(_clear_bss.o)
 *(.data*)
 .data.gu8_sevenSeg1Status
                0x00800060        0x1 ./sevenSeg.o
 *(.rodata)
 *(.rodata*)
 *(.gnu.linkonce.d*)
                0x00800062                . = ALIGN (0x2)
 *fill*         0x00800061        0x1 00
                0x00800062                _edata = .
                0x00800062                PROVIDE (__data_end, .)

.bss            0x00800062        0x5
                0x00800062                PROVIDE (__bss_start, .)
 *(.bss)
 .bss           0x00800062        0x0 c:/winavr-20100110/bin/../lib/gcc/avr/4.3.3/../../../../avr/lib/avr5/crtm32.o
 .bss           0x00800062        0x0 ./Applications.o
 .bss           0x00800062        0x0 ./gpio.o
 .bss           0x00800062        0x0 ./interrupt.o
 .bss           0x00800062        0x0 ./led.o
 .bss           0x00800062        0x0 ./pushButton.o
 .bss           0x00800062        0x0 ./sevenSeg.o
 .bss           0x00800062        0x0 ./softwareDelay.o
 .bss           0x00800062        0x0 ./timers.o
 .bss           0x00800062        0x0 c:/winavr-20100110/bin/../lib/gcc/avr/4.3.3/avr5\libgcc.a(_udivmodqi4.o)
 .bss           0x00800062        0x0 c:/winavr-20100110/bin/../lib/gcc/avr/4.3.3/avr5\libgcc.a(_udivmodsi4.o)
 .bss           0x00800062        0x0 c:/winavr-20100110/bin/../lib/gcc/avr/4.3.3/avr5\libgcc.a(_exit.o)
 .bss           0x00800062        0x0 c:/winavr-20100110/bin/../lib/gcc/avr/4.3.3/avr5\libgcc.a(_copy_data.o)
 .bss           0x00800062        0x0 c:/winavr-20100110/bin/../lib/gcc/avr/4.3.3/avr5\libgcc.a(_clear_bss.o)
 *(.bss*)
 .bss.gu16_global_interrupt_variable
                0x00800062        0x2 ./interrupt.o
 .bss.gu8_sevenSeg0Status
                0x00800064        0x1 ./sevenSeg.o
 .bss.gu8_timer0Timer1PreScaler
                0x00800065        0x1 ./timers.o
 .bss.gu8_timer2PreScaler
                0x00800066        0x1 ./timers.o
 *(COMMON)
                0x00800067                PROVIDE (__bss_end, .)
                0x00001834                __data_load_start = LOADADDR (.data)
                0x00001836                __data_load_end = (__data_load_start + SIZEOF (.data))

.noinit         0x00800067        0x0
                0x00800067                PROVIDE (__noinit_start, .)
 *(.noinit*)
                0x00800067                PROVIDE (__noinit_end, .)
                0x00800067                _end = .
                0x00800067                PROVIDE (__heap_start, .)

.eeprom         0x00810000        0x0
 *(.eeprom*)
                0x00810000                __eeprom_end = .

.fuse
 *(.fuse)
 *(.lfuse)
 *(.hfuse)
 *(.efuse)

.lock
 *(.lock*)

.signature
 *(.signature*)

.stab           0x00000000     0x25d4
 *(.stab)
 .stab          0x00000000      0x6f0 ./Applications.o
 .stab          0x000006f0      0x570 ./gpio.o
                                0x624 (size before relaxing)
 .stab          0x00000c60      0x414 ./interrupt.o
                                0x618 (size before relaxing)
 .stab          0x00001074      0x2ac ./led.o
                                0x384 (size before relaxing)
 .stab          0x00001320      0x294 ./pushButton.o
                                0x384 (size before relaxing)
 .stab          0x000015b4      0x318 ./sevenSeg.o
                                0x3f0 (size before relaxing)
 .stab          0x000018cc      0x18c ./softwareDelay.o
                                0x228 (size before relaxing)
 .stab          0x00001a58      0xb7c ./timers.o
                                0xd68 (size before relaxing)

.stabstr        0x00000000     0x169c
 *(.stabstr)
 .stabstr       0x00000000     0x169c ./Applications.o

.stab.excl
 *(.stab.excl)

.stab.exclstr
 *(.stab.exclstr)

.stab.index
 *(.stab.index)

.stab.indexstr
 *(.stab.indexstr)

.comment
 *(.comment)

.debug
 *(.debug)

.line
 *(.line)

.debug_srcinfo
 *(.debug_srcinfo)

.debug_sfnames
 *(.debug_sfnames)

.debug_aranges
 *(.debug_aranges)

.debug_pubnames
 *(.debug_pubnames)

.debug_info
 *(.debug_info)
 *(.gnu.linkonce.wi.*)

.debug_abbrev
 *(.debug_abbrev)

.debug_line
 *(.debug_line)

.debug_frame
 *(.debug_frame)

.debug_str
 *(.debug_str)

.debug_loc
 *(.debug_loc)

.debug_macinfo
 *(.debug_macinfo)
OUTPUT(GPIO.elf elf32-avr)
LOAD linker stubs
